[x] IDs:
[x]   Unallocated: 80630005
   #1: write=0xcccccccc, writable=cccccccc, min=cccccccc, file=cccccccc
   #2: write=0xcccccccc, writable=cccccccc, min=cccccccc, file=cccccccc
[x]   Invalid: 80630005
   #1: write=0xcccccccc, writable=cccccccc, min=cccccccc, file=cccccccc
   #2: write=0xcccccccc, writable=cccccccc, min=cccccccc, file=cccccccc
[x]   Valid: 00000000
   #1: write=p+0x0, writable=00005998, min=000002f0, file=00000060
   #2: write=p+0x0, writable=00000000, min=00000000, file=00000000

[x] Sample values:
[x]   00000000: 00000000
   #1: write=p+0x0, writable=00005998, min=000002f0, file=00000060
   #2: write=p+0x0, writable=00000000, min=00000000, file=00000000
[x]   00000001: 00000000
   #1: write=p+0x0, writable=00005998, min=000002f0, file=00000060
   #2: write=p+0x0, writable=00000000, min=00000000, file=00000000
[x]   0000068f: 00000000
   #1: write=p+0x0, writable=00005998, min=000002f0, file=00000060
   #2: write=p+0x0, writable=00000000, min=00000000, file=00000000
[x]   00000690: 00000000
   #1: write=p+0x0, writable=00005998, min=00000468, file=00000060
   #2: write=p+0x0, writable=00000000, min=00000000, file=00000000
[x]   000007fe: 00000000
   #1: write=p+0x0, writable=00005998, min=00000468, file=00000060
   #2: write=p+0x0, writable=00000000, min=00000000, file=00000000
[x]   000007ff: 00000000
   #1: write=p+0x0, writable=00005998, min=00000468, file=00000060
   #2: write=p+0x0, writable=00000000, min=00000000, file=00000000
[x]   00001000: 00000000
   #1: write=p+0x0, writable=00005998, min=000002f0, file=00000350
   #2: write=p+0x0, writable=00000000, min=00000000, file=00000000
[x]   000047ff: 00000000
   #1: write=p+0x0, writable=00005998, min=00000468, file=00000c20
   #2: write=p+0x0, writable=00000000, min=00000000, file=00000000
[x]   00010000: 00000000
   #1: write=p+0x0, writable=00005998, min=000002f0, file=00002f60
   #2: write=p+0x0, writable=00000000, min=00000000, file=00000000
[x]   0003c6cb: 00000000
   #1: write=p+0x0, writable=00000468, min=00000468, file=0000b0a0
   #2: write=p+0x0, writable=00000000, min=00000000, file=00000000
[x]   0003c6cc: 00000000
   #1: write=p+0x0, writable=00000468, min=00000468, file=0000b0a0
   #2: write=p+0x0, writable=00000000, min=00000000, file=00000000
[x]   0003c6cd: 80630015
   #1: write=0xcccccccc, writable=cccccccc, min=cccccccc, file=cccccccc
   #2: write=0xcccccccc, writable=cccccccc, min=cccccccc, file=cccccccc
[x]   00100000: 80630015
   #1: write=0xcccccccc, writable=cccccccc, min=cccccccc, file=cccccccc
   #2: write=0xcccccccc, writable=cccccccc, min=cccccccc, file=cccccccc
[x]   01000000: 80630015
   #1: write=0xcccccccc, writable=cccccccc, min=cccccccc, file=cccccccc
   #2: write=0xcccccccc, writable=cccccccc, min=cccccccc, file=cccccccc
[x]   7fffffff: 80630015
   #1: write=0xcccccccc, writable=cccccccc, min=cccccccc, file=cccccccc
   #2: write=0xcccccccc, writable=cccccccc, min=cccccccc, file=cccccccc
[x]   ffffffff: 00000000
   #1: write=p+0x0, writable=00005998, min=00000468, file=00000060
   #2: write=p+0x0, writable=00000000, min=00000000, file=00000000
[x]   fffffffe: 00000000
   #1: write=p+0x0, writable=00005998, min=00000468, file=00000060
   #2: write=p+0x0, writable=00000000, min=00000000, file=00000000
[x]   fffff800: 00000000
   #1: write=p+0x0, writable=00005998, min=000002f0, file=fffffee8
   #2: write=p+0x0, writable=00000000, min=00000000, file=00000000
[x]   fffff000: 80630015
   #1: write=0xcccccccc, writable=cccccccc, min=cccccccc, file=cccccccc
   #2: write=0xcccccccc, writable=cccccccc, min=cccccccc, file=cccccccc

[x] Other states:
[x]   No data: 80630010
   #1: write=0xcccccccc, writable=cccccccc, min=cccccccc, file=cccccccc
   #2: write=0xcccccccc, writable=cccccccc, min=cccccccc, file=cccccccc
[x]   State 8: 80630031
   #1: write=0xcccccccc, writable=cccccccc, min=cccccccc, file=cccccccc
   #2: write=0xcccccccc, writable=cccccccc, min=cccccccc, file=cccccccc
[x]   State 16: 80630040
   #1: write=0xcccccccc, writable=cccccccc, min=cccccccc, file=cccccccc
   #2: write=0xcccccccc, writable=cccccccc, min=cccccccc, file=cccccccc

[x] Entire buffer:
[x]   At start -> 0: 00000000
   #1: write=p+0x0, writable=00000000, min=00000000, file=00000000
   #2: write=p+0x0, writable=00000000, min=00000000, file=00000000
[r]   Decode: 00000000
[x]   After decode 1 -> 0: 00000000
   #1: write=p+0x0, writable=00000000, min=00000000, file=00000000
   #2: write=p+0x0, writable=00000000, min=00000000, file=00000000
[x]   After decode 1 -> 65536: 00000000
   #1: write=p+0x0, writable=00000000, min=00000000, file=00000000
   #2: write=p+0x0, writable=00000000, min=00000000, file=00000000
[r]   Decode: 00000000
[x]   After decode 2 -> 65536: 00000000
   #1: write=p+0x0, writable=00000000, min=00000000, file=00000000
   #2: write=p+0x0, writable=00000000, min=00000000, file=00000000
[x]   After decode 2 -> 196608: 00000000
   #1: write=p+0x0, writable=00000000, min=00000000, file=00000000
   #2: write=p+0x0, writable=00000000, min=00000000, file=00000000
[r]   Decode: 00000000
[x]   After decode 3 -> 196608: 00000000
   #1: write=p+0x0, writable=00000000, min=00000000, file=00000000
   #2: write=p+0x0, writable=00000000, min=00000000, file=00000000

[x] Half buffer:
[x]   At start -> 0: 00000000
   #1: write=p+0x5a84, writable=00005a84, min=00000000, file=00005a84
   #2: write=p+0x0, writable=00000000, min=00000000, file=00000000
[r]   Decode: 00000000
[x]   After decode 1 -> 0: 00000000
   #1: write=p+0x5a84, writable=00005a84, min=00000000, file=00005a84
   #2: write=p+0x0, writable=00000000, min=00000000, file=00000000
[x]   After decode 1 -> 65536: 00000000
   #1: write=p+0x5a84, writable=00005a84, min=00000000, file=00005a84
   #2: write=p+0x0, writable=00000000, min=00000000, file=00000000
[r]   Decode: 00000000
[x]   After decode 2 -> 65536: 00000000
   #1: write=p+0x5a84, writable=00005a84, min=00000000, file=00005a84
   #2: write=p+0x0, writable=00000000, min=00000000, file=00000000
[x]   After decode 2 -> 196608: 00000000
   #1: write=p+0x5a84, writable=00005a84, min=000035cc, file=00005a84
   #2: write=p+0x0, writable=00000000, min=00000000, file=00000000
[r]   Decode: 00000000
[x]   After decode 3 -> 196608: 00000000
   #1: write=p+0x5a84, writable=00005a84, min=000035cc, file=00005a84
   #2: write=p+0x0, writable=00000000, min=00000000, file=00000000

[x] Streamed buffer:
[x]   At start -> 0: 00000000
   #1: write=p+0x0, writable=00005998, min=000002f0, file=00000060
   #2: write=p+0x0, writable=00000000, min=00000000, file=00000000
[r]   Decode: 00000000
[x]   After decode 1 -> 0: 00000000
   #1: write=p+0x0, writable=00005998, min=000002f0, file=00000060
   #2: write=p+0x0, writable=00000000, min=00000000, file=00000000
[x]   After decode 1 -> 65536: 00000000
   #1: write=p+0x0, writable=00005998, min=000002f0, file=00002f60
   #2: write=p+0x0, writable=00000000, min=00000000, file=00000000
[r]   Decode: 00000000
[x]   After decode 2 -> 65536: 00000000
   #1: write=p+0x0, writable=00005998, min=000002f0, file=00002f60
   #2: write=p+0x0, writable=00000000, min=00000000, file=00000000
[x]   After decode 2 -> 196608: 00000000
   #1: write=p+0x0, writable=000027a8, min=000002f0, file=00008d60
   #2: write=p+0x0, writable=00000000, min=00000000, file=00000000
[r]   Decode: 00000000
[x]   After decode 3 -> 196608: 00000000
   #1: write=p+0x0, writable=000027a8, min=000002f0, file=00008d60
   #2: write=p+0x0, writable=00000000, min=00000000, file=00000000
