[x] Init

[x] Fonts:
[x]   Normal: OK
   -> 00000000000066ffff8800000000000000000000
   -> 000000000000ddffffee00000000000000000000
   -> 000000000033ffccbbff44000000000000000000
   -> 000000000099ff7766ffbb000000000000000000
   -> 0000000000ffff1111ffff110000000000000000
   -> 0000000066ffbb0000aaff770000000000000000
   -> 00000000ccff55000044ffdd0000000000000000
   -> 00000033ffff00000000eeff4400000000000000
   -> 00000099ff990000000088ffaa00000000000000
   -> 000000ffff330000000022ffff11000000000000
   -> 000066ffffccccccccccccffff66000000000000
   -> 0000ccffffffffffffffffffffdd000000000000
   -> 0022ffff1100000000000000ffff330000000000
   -> 0099ffbb0000000000000000aaff990000000000
   -> 00eeff55000000000000000044ffff0000000000
   -> 55ffee00000000000000000000eeff6600000000
   -> ccff990000000000000000000088ffcc00000000
   -> 0000000000000000000000000000000000000000
   -> 0000000000000000000000000000000000000000
   -> 0000000000000000000000000000000000000000
[x]   NULL: Failed (80460003)
[x]   Closed: OK
   -> 00000000000066ffff8800000000000000000000
   -> 000000000000ddffffee00000000000000000000
   -> 000000000033ffccbbff44000000000000000000
   -> 000000000099ff7766ffbb000000000000000000
   -> 0000000000ffff1111ffff110000000000000000
   -> 0000000066ffbb0000aaff770000000000000000
   -> 00000000ccff55000044ffdd0000000000000000
   -> 00000033ffff00000000eeff4400000000000000
   -> 00000099ff990000000088ffaa00000000000000
   -> 000000ffff330000000022ffff11000000000000
   -> 000066ffffccccccccccccffff66000000000000
   -> 0000ccffffffffffffffffffffdd000000000000
   -> 0022ffff1100000000000000ffff330000000000
   -> 0099ffbb0000000000000000aaff990000000000
   -> 00eeff55000000000000000044ffff0000000000
   -> 55ffee00000000000000000000eeff6600000000
   -> ccff990000000000000000000088ffcc00000000
   -> 0000000000000000000000000000000000000000
   -> 0000000000000000000000000000000000000000
   -> 0000000000000000000000000000000000000000

[x] Characters:
[x]   NUL: OK
   -> 0000000000000000000000000000000000000000
   -> 0000000000000000000000000000000000000000
   -> 0000000000000000000000000000000000000000
   -> 0000000000000000000000000000000000000000
   -> 0000000000000000000000000000000000000000
   -> 0000000000000000000000000000000000000000
   -> 0000000000000000000000000000000000000000
   -> 0000000000000000000000000000000000000000
   -> 0000000000000000000000000000000000000000
   -> 0000000000000000000000000000000000000000
   -> 0000000000000000000000000000000000000000
   -> 0000000000000000000000000000000000000000
   -> 0000000000000000000000000000000000000000
   -> 0000000000000000000000000000000000000000
   -> 0000000000000000000000000000000000000000
   -> 0000000000000000000000000000000000000000
   -> 0000000000000000000000000000000000000000
   -> 0000000000000000000000000000000000000000
   -> 0000000000000000000000000000000000000000
   -> 0000000000000000000000000000000000000000
[x]   SOH: OK
   -> 0000000000000000000000000000000000000000
   -> 0000000000000000000000000000000000000000
   -> 0000000000000000000000000000000000000000
   -> 0000000000000000000000000000000000000000
   -> 0000000000000000000000000000000000000000
   -> 0000000000000000000000000000000000000000
   -> 0000000000000000000000000000000000000000
   -> 0000000000000000000000000000000000000000
   -> 0000000000000000000000000000000000000000
   -> 0000000000000000000000000000000000000000
   -> 0000000000000000000000000000000000000000
   -> 0000000000000000000000000000000000000000
   -> 0000000000000000000000000000000000000000
   -> 0000000000000000000000000000000000000000
   -> 0000000000000000000000000000000000000000
   -> 0000000000000000000000000000000000000000
   -> 0000000000000000000000000000000000000000
   -> 0000000000000000000000000000000000000000
   -> 0000000000000000000000000000000000000000
   -> 0000000000000000000000000000000000000000
[x]   BEL: OK
   -> 0000000000000000000000000000000000000000
   -> 0000000000000000000000000000000000000000
   -> 0000000000000000000000000000000000000000
   -> 0000000000000000000000000000000000000000
   -> 0000000000000000000000000000000000000000
   -> 0000000000000000000000000000000000000000
   -> 0000000000000000000000000000000000000000
   -> 0000000000000000000000000000000000000000
   -> 0000000000000000000000000000000000000000
   -> 0000000000000000000000000000000000000000
   -> 0000000000000000000000000000000000000000
   -> 0000000000000000000000000000000000000000
   -> 0000000000000000000000000000000000000000
   -> 0000000000000000000000000000000000000000
   -> 0000000000000000000000000000000000000000
   -> 0000000000000000000000000000000000000000
   -> 0000000000000000000000000000000000000000
   -> 0000000000000000000000000000000000000000
   -> 0000000000000000000000000000000000000000
   -> 0000000000000000000000000000000000000000
[x]   0xD7FF: OK
   -> 9999999999999999999999999999000000000000
   -> ffffffffffffffffffffffffffff000000000000
   -> 0000000000000000000000000000000000000000
   -> 0000000000000000000000000000000000000000
   -> 0000000000000000000000000000000000000000
   -> 0000000000000000000000000000000000000000
   -> 0000000000000000000000000000000000000000
   -> 0000000000000000000000000000000000000000
   -> 0000000000000000000000000000000000000000
   -> 0000000000000000000000000000000000000000
   -> 0000000000000000000000000000000000000000
   -> 0000000000000000000000000000000000000000
   -> 0000000000000000000000000000000000000000
   -> 0000000000000000000000000000000000000000
   -> 0000000000000000000000000000000000000000
   -> 0000000000000000000000000000000000000000
   -> 0000000000000000000000000000000000000000
   -> 0000000000000000000000000000000000000000
   -> 0000000000000000000000000000000000000000
   -> 0000000000000000000000000000000000000000
[x]   0xFFFE: OK
   -> 9999999999999999999999999999000000000000
   -> ffffffffffffffffffffffffffff000000000000
   -> 0000000000000000000000000000000000000000
   -> 0000000000000000000000000000000000000000
   -> 0000000000000000000000000000000000000000
   -> 0000000000000000000000000000000000000000
   -> 0000000000000000000000000000000000000000
   -> 0000000000000000000000000000000000000000
   -> 0000000000000000000000000000000000000000
   -> 0000000000000000000000000000000000000000
   -> 0000000000000000000000000000000000000000
   -> 0000000000000000000000000000000000000000
   -> 0000000000000000000000000000000000000000
   -> 0000000000000000000000000000000000000000
   -> 0000000000000000000000000000000000000000
   -> 0000000000000000000000000000000000000000
   -> 0000000000000000000000000000000000000000
   -> 0000000000000000000000000000000000000000
   -> 0000000000000000000000000000000000000000
   -> 0000000000000000000000000000000000000000
[x]   0xFFFF: OK
   -> 9999999999999999999999999999000000000000
   -> ffffffffffffffffffffffffffff000000000000
   -> 0000000000000000000000000000000000000000
   -> 0000000000000000000000000000000000000000
   -> 0000000000000000000000000000000000000000
   -> 0000000000000000000000000000000000000000
   -> 0000000000000000000000000000000000000000
   -> 0000000000000000000000000000000000000000
   -> 0000000000000000000000000000000000000000
   -> 0000000000000000000000000000000000000000
   -> 0000000000000000000000000000000000000000
   -> 0000000000000000000000000000000000000000
   -> 0000000000000000000000000000000000000000
   -> 0000000000000000000000000000000000000000
   -> 0000000000000000000000000000000000000000
   -> 0000000000000000000000000000000000000000
   -> 0000000000000000000000000000000000000000
   -> 0000000000000000000000000000000000000000
   -> 0000000000000000000000000000000000000000
   -> 0000000000000000000000000000000000000000

[x] Glyph info:
[x]   Missing: Failed (80460003)
[x]   Width = 0: OK
   -> 0000000000000000000000000000000000000000
   -> 0000000000000000000000000000000000000000
   -> 0000000000000000000000000000000000000000
   -> 0000000000000000000000000000000000000000
   -> 0000000000000000000000000000000000000000
   -> 0000000000000000000000000000000000000000
   -> 0000000000000000000000000000000000000000
   -> 0000000000000000000000000000000000000000
   -> 0000000000000000000000000000000000000000
   -> 0000000000000000000000000000000000000000
   -> 0000000000000000000000000000000000000000
   -> 0000000000000000000000000000000000000000
   -> 0000000000000000000000000000000000000000
   -> 0000000000000000000000000000000000000000
   -> 0000000000000000000000000000000000000000
   -> 0000000000000000000000000000000000000000
   -> 0000000000000000000000000000000000000000
   -> 0000000000000000000000000000000000000000
   -> 0000000000000000000000000000000000000000
   -> 0000000000000000000000000000000000000000
[x]   Width = -1: OK
   -> 00000000000066ffff8800000000000000000000
   -> 000000000000ddffffee00000000000000000000
   -> 000000000033ffccbbff44000000000000000000
   -> 000000000099ff7766ffbb000000000000000000
   -> 0000000000ffff1111ffff110000000000000000
   -> 0000000066ffbb0000aaff770000000000000000
   -> 00000000ccff55000044ffdd0000000000000000
   -> 00000033ffff00000000eeff4400000000000000
   -> 00000099ff990000000088ffaa00000000000000
   -> 000000ffff330000000022ffff11000000000000
   -> 000066ffffccccccccccccffff66000000000000
   -> 0000ccffffffffffffffffffffdd000000000000
   -> 0022ffff1100000000000000ffff330000000000
   -> 0099ffbb0000000000000000aaff990000000000
   -> 00eeff55000000000000000044ffff0000000000
   -> 55ffee00000000000000000000eeff6600000000
   -> ccff990000000000000000000088ffcc00000000
   -> 0000000000000000000000000000000000000000
   -> 0000000000000000000000000000000000000000
   -> 0000000000000000000000000000000000000000
[x]   Height = 0: OK
   -> 0000000000000000000000000000000000000000
   -> 0000000000000000000000000000000000000000
   -> 0000000000000000000000000000000000000000
   -> 0000000000000000000000000000000000000000
   -> 0000000000000000000000000000000000000000
   -> 0000000000000000000000000000000000000000
   -> 0000000000000000000000000000000000000000
   -> 0000000000000000000000000000000000000000
   -> 0000000000000000000000000000000000000000
   -> 0000000000000000000000000000000000000000
   -> 0000000000000000000000000000000000000000
   -> 0000000000000000000000000000000000000000
   -> 0000000000000000000000000000000000000000
   -> 0000000000000000000000000000000000000000
   -> 0000000000000000000000000000000000000000
   -> 0000000000000000000000000000000000000000
   -> 0000000000000000000000000000000000000000
   -> 0000000000000000000000000000000000000000
   -> 0000000000000000000000000000000000000000
   -> 0000000000000000000000000000000000000000
[x]   Height = -1: OK
   -> 00000000000066ffff8800000000000000000000
   -> 000000000000ddffffee00000000000000000000
   -> 000000000033ffccbbff44000000000000000000
   -> 000000000099ff7766ffbb000000000000000000
   -> 0000000000ffff1111ffff110000000000000000
   -> 0000000066ffbb0000aaff770000000000000000
   -> 00000000ccff55000044ffdd0000000000000000
   -> 00000033ffff00000000eeff4400000000000000
   -> 00000099ff990000000088ffaa00000000000000
   -> 000000ffff330000000022ffff11000000000000
   -> 000066ffffccccccccccccffff66000000000000
   -> 0000ccffffffffffffffffffffdd000000000000
   -> 0022ffff1100000000000000ffff330000000000
   -> 0099ffbb0000000000000000aaff990000000000
   -> 00eeff55000000000000000044ffff0000000000
   -> 55ffee00000000000000000000eeff6600000000
   -> ccff990000000000000000000088ffcc00000000
   -> 0000000000000000000000000000000000000000
   -> 0000000000000000000000000000000000000000
   -> 0000000000000000000000000000000000000000
[x]   Linesize = 0: OK
   -> ffffffffffffffffffffffffffffffff00000000
   -> 0000000000000000000000000000000000000000
   -> 0000000000000000000000000000000000000000
   -> 0000000000000000000000000000000000000000
   -> 0000000000000000000000000000000000000000
   -> 0000000000000000000000000000000000000000
   -> 0000000000000000000000000000000000000000
   -> 0000000000000000000000000000000000000000
   -> 0000000000000000000000000000000000000000
   -> 0000000000000000000000000000000000000000
   -> 0000000000000000000000000000000000000000
   -> 0000000000000000000000000000000000000000
   -> 0000000000000000000000000000000000000000
   -> 0000000000000000000000000000000000000000
   -> 0000000000000000000000000000000000000000
   -> 0000000000000000000000000000000000000000
   -> 0000000000000000000000000000000000000000
   -> 0000000000000000000000000000000000000000
   -> 0000000000000000000000000000000000000000
   -> 0000000000000000000000000000000000000000
[x]   Linesize = 1: OK
   -> 00000000000066ffffffffffffffffffffffffff
   -> ffffffffffffffffffffffcc0000000000000000
   -> 0000000000000000000000000000000000000000
   -> 0000000000000000000000000000000000000000
   -> 0000000000000000000000000000000000000000
   -> 0000000000000000000000000000000000000000
   -> 0000000000000000000000000000000000000000
   -> 0000000000000000000000000000000000000000
   -> 0000000000000000000000000000000000000000
   -> 0000000000000000000000000000000000000000
   -> 0000000000000000000000000000000000000000
   -> 0000000000000000000000000000000000000000
   -> 0000000000000000000000000000000000000000
   -> 0000000000000000000000000000000000000000
   -> 0000000000000000000000000000000000000000
   -> 0000000000000000000000000000000000000000
   -> 0000000000000000000000000000000000000000
   -> 0000000000000000000000000000000000000000
   -> 0000000000000000000000000000000000000000
   -> 0000000000000000000000000000000000000000

[x] Glyph position:
[x]   X = -10: OK
   -> 0000000000000000000000000000000000000000
   -> 0000000000000000000000000000000000000000
   -> 4400000000000000000000000000000000000000
   -> bb00000000000000000000000000000000000000
   -> ff11000000000000000000000000000000000000
   -> ff77000000000000000000000000000000000000
   -> ffdd000000000000000000000000000000000000
   -> eeff440000000000000000000000000000000000
   -> 88ffaa0000000000000000000000000000000000
   -> 22ffff1100000000000000000000000000000000
   -> ccffff6600000000000000000000000000000000
   -> ffffffdd00000000000000000000000000000000
   -> 0000ffff33000000000000000000000000000000
   -> 0000aaff99000000000000000000000000000000
   -> 000044ffff000000000000000000000000000000
   -> 000000eeff660000000000000000000000000000
   -> 00000088ffcc0000000000000000000000000000
   -> 0000000000000000000000000000000000000000
   -> 0000000000000000000000000000000000000000
   -> 0000000000000000000000000000000000000000
[x]   X = 10: OK
   -> 0000000000000000000000000000000066ffff88
   -> 00000000000000000000000000000000ddffffee
   -> 00000000000000000000000000000033ffccbbff
   -> 00000000000000000000000000000099ff7766ff
   -> 000000000000000000000000000000ffff1111ff
   -> 000000000000000000000000000066ffbb0000aa
   -> 0000000000000000000000000000ccff55000044
   -> 0000000000000000000000000033ffff00000000
   -> 0000000000000000000000000099ff9900000000
   -> 00000000000000000000000000ffff3300000000
   -> 00000000000000000000000066ffffcccccccccc
   -> 000000000000000000000000ccffffffffffffff
   -> 000000000000000000000022ffff110000000000
   -> 000000000000000000000099ffbb000000000000
   -> 0000000000000000000000eeff55000000000000
   -> 0000000000000000000055ffee00000000000000
   -> 00000000000000000000ccff9900000000000000
   -> 0000000000000000000000000000000000000000
   -> 0000000000000000000000000000000000000000
   -> 0000000000000000000000000000000000000000
[x]   X = 10 100000: OK
   -> 0000000000000000000000000000000033b3ffc3
   -> 000000000000000000000000000000006feefff6
   -> 0000000000000000000000000000001a99e5c4dd
   -> 0000000000000000000000000000004dccbb6eb3
   -> 00000000000000000000000000000080ff881188
   -> 000000000000000000000000000033b3dd5d0055
   -> 000000000000000000000000000066e6aa2a0022
   -> 000000000000000000000000001a99ff7f000000
   -> 000000000000000000000000004dcccc4c000000
   -> 0000000000000000000000000080ff9919000000
   -> 00000000000000000000000033b3ffe5cccccccc
   -> 00000000000000000000000066e6ffffffffffff
   -> 00000000000000000000001191ff880800000000
   -> 00000000000000000000004dccdd5d0000000000
   -> 000000000000000000000077f7aa2a0000000000
   -> 000000000000000000002baaf677000000000000
   -> 0000000000000000000066e6cc4c000000000000
   -> 0000000000000000000000000000000000000000
   -> 0000000000000000000000000000000000000000
   -> 0000000000000000000000000000000000000000
[x]   X = 10 111111: OK
   -> 000000000000000000000000000000000268fffe
   -> 0000000000000000000000000000000004ddffff
   -> 0000000000000000000000000000000136ffcbbc
   -> 000000000000000000000000000000039afd7768
   -> 00000000000000000000000000000004fffc1114
   -> 00000000000000000000000000000268feb80003
   -> 000000000000000000000000000004ccfd530002
   -> 000000000000000000000000000136fffb000000
   -> 00000000000000000000000000039afe96000000
   -> 0000000000000000000000000004fffc32000000
   -> 0000000000000000000000000268ffffcccccccc
   -> 00000000000000000000000004ccffffffffffff
   -> 00000000000000000000000125fffc1000000000
   -> 0000000000000000000000039afeb80000000000
   -> 000000000000000000000004eefd530000000000
   -> 000000000000000000000257ffea000000000000
   -> 0000000000000000000004ccfe96000000000000
   -> 0000000000000000000000000000000000000000
   -> 0000000000000000000000000000000000000000
   -> 0000000000000000000000000000000000000000
[x]   Y = -10: OK
   -> 000066ffffccccccccccccffff66000000000000
   -> 0000ccffffffffffffffffffffdd000000000000
   -> 0022ffff1100000000000000ffff330000000000
   -> 0099ffbb0000000000000000aaff990000000000
   -> 00eeff55000000000000000044ffff0000000000
   -> 55ffee00000000000000000000eeff6600000000
   -> ccff990000000000000000000088ffcc00000000
   -> 0000000000000000000000000000000000000000
   -> 0000000000000000000000000000000000000000
   -> 0000000000000000000000000000000000000000
   -> 0000000000000000000000000000000000000000
   -> 0000000000000000000000000000000000000000
   -> 0000000000000000000000000000000000000000
   -> 0000000000000000000000000000000000000000
   -> 0000000000000000000000000000000000000000
   -> 0000000000000000000000000000000000000000
   -> 0000000000000000000000000000000000000000
   -> 0000000000000000000000000000000000000000
   -> 0000000000000000000000000000000000000000
   -> 0000000000000000000000000000000000000000
[x]   Y = 10: OK
   -> 0000000000000000000000000000000000000000
   -> 0000000000000000000000000000000000000000
   -> 0000000000000000000000000000000000000000
   -> 0000000000000000000000000000000000000000
   -> 0000000000000000000000000000000000000000
   -> 0000000000000000000000000000000000000000
   -> 0000000000000000000000000000000000000000
   -> 0000000000000000000000000000000000000000
   -> 0000000000000000000000000000000000000000
   -> 0000000000000000000000000000000000000000
   -> 00000000000066ffff8800000000000000000000
   -> 000000000000ddffffee00000000000000000000
   -> 000000000033ffccbbff44000000000000000000
   -> 000000000099ff7766ffbb000000000000000000
   -> 0000000000ffff1111ffff110000000000000000
   -> 0000000066ffbb0000aaff770000000000000000
   -> 00000000ccff55000044ffdd0000000000000000
   -> 00000033ffff00000000eeff4400000000000000
   -> 00000099ff990000000088ffaa00000000000000
   -> 000000ffff330000000022ffff11000000000000
[x]   Y = 10 100000: OK
   -> 0000000000000000000000000000000000000000
   -> 0000000000000000000000000000000000000000
   -> 0000000000000000000000000000000000000000
   -> 0000000000000000000000000000000000000000
   -> 0000000000000000000000000000000000000000
   -> 0000000000000000000000000000000000000000
   -> 0000000000000000000000000000000000000000
   -> 0000000000000000000000000000000000000000
   -> 0000000000000000000000000000000000000000
   -> 0000000000000000000000000000000000000000
   -> 00000000000066ffff8800000000000000000000
   -> 000000000000ddffffee00000000000000000000
   -> 000000000033ffccbbff44000000000000000000
   -> 000000000099ff7766ffbb000000000000000000
   -> 0000000000ffff1111ffff110000000000000000
   -> 0000000066ffbb0000aaff770000000000000000
   -> 00000000ccff55000044ffdd0000000000000000
   -> 00000033ffff00000000eeff4400000000000000
   -> 00000099ff990000000088ffaa00000000000000
   -> 000000ffff330000000022ffff11000000000000
[x]   Y = 10 111111: OK
   -> 0000000000000000000000000000000000000000
   -> 0000000000000000000000000000000000000000
   -> 0000000000000000000000000000000000000000
   -> 0000000000000000000000000000000000000000
   -> 0000000000000000000000000000000000000000
   -> 0000000000000000000000000000000000000000
   -> 0000000000000000000000000000000000000000
   -> 0000000000000000000000000000000000000000
   -> 0000000000000000000000000000000000000000
   -> 0000000000000000000000000000000000000000
   -> 00000000000066ffff8800000000000000000000
   -> 000000000000ddffffee00000000000000000000
   -> 000000000033ffccbbff44000000000000000000
   -> 000000000099ff7766ffbb000000000000000000
   -> 0000000000ffff1111ffff110000000000000000
   -> 0000000066ffbb0000aaff770000000000000000
   -> 00000000ccff55000044ffdd0000000000000000
   -> 00000033ffff00000000eeff4400000000000000
   -> 00000099ff990000000088ffaa00000000000000
   -> 000000ffff330000000022ffff11000000000000

[x] Pixel formats:
[x]   8 bpp: OK
   -> 00000000000066ffff8800000000000000000000
   -> 000000000000ddffffee00000000000000000000
   -> 000000000033ffccbbff44000000000000000000
   -> 000000000099ff7766ffbb000000000000000000
   -> 0000000000ffff1111ffff110000000000000000
   -> 0000000066ffbb0000aaff770000000000000000
   -> 00000000ccff55000044ffdd0000000000000000
   -> 00000033ffff00000000eeff4400000000000000
   -> 00000099ff990000000088ffaa00000000000000
   -> 000000ffff330000000022ffff11000000000000
   -> 000066ffffccccccccccccffff66000000000000
   -> 0000ccffffffffffffffffffffdd000000000000
   -> 0022ffff1100000000000000ffff330000000000
   -> 0099ffbb0000000000000000aaff990000000000
   -> 00eeff55000000000000000044ffff0000000000
   -> 55ffee00000000000000000000eeff6600000000
   -> ccff990000000000000000000088ffcc00000000
   -> 0000000000000000000000000000000000000000
   -> 0000000000000000000000000000000000000000
   -> 0000000000000000000000000000000000000000
[x]   4 bpp: OK
   -> 000000f68f000000000000000000000000000000
   -> 000000fdef000000000000000000000000000000
   -> 000030cffb040000000000000000000000000000
   -> 0000907ff60b0000000000000000000000000000
   -> 0000f01ff11f0000000000000000000000000000
   -> 0000f60ba07f0000000000000000000000000000
   -> 0000fc0540df0000000000000000000000000000
   -> 0030ff0000fe0400000000000000000000000000
   -> 00909f0000f80a00000000000000000000000000
   -> 00f03f0000f21f00000000000000000000000000
   -> 00f6cfccccfc6f00000000000000000000000000
   -> 00fcffffffffdf00000000000000000000000000
   -> 20ff01000000ff03000000000000000000000000
   -> 90bf00000000fa09000000000000000000000000
   -> e05f00000000f40f000000000000000000000000
   -> f50e00000000e06f000000000000000000000000
   -> fc090000000080cf000000000000000000000000
   -> 0000000000000000000000000000000000000000
   -> 0000000000000000000000000000000000000000
   -> 0000000000000000000000000000000000000000
[x]   Invalid: OK
   -> 0000000000000000000000000000000000000000
   -> 0000000000000000000000000000000000000000
   -> 0000000000000000000000000000000000000000
   -> 0000000000000000000000000000000000000000
   -> 0000000000000000000000000000000000000000
   -> 0000000000000000000000000000000000000000
   -> 0000000000000000000000000000000000000000
   -> 0000000000000000000000000000000000000000
   -> 0000000000000000000000000000000000000000
   -> 0000000000000000000000000000000000000000
   -> 0000000000000000000000000000000000000000
   -> 0000000000000000000000000000000000000000
   -> 0000000000000000000000000000000000000000
   -> 0000000000000000000000000000000000000000
   -> 0000000000000000000000000000000000000000
   -> 0000000000000000000000000000000000000000
   -> 0000000000000000000000000000000000000000
   -> 0000000000000000000000000000000000000000
   -> 0000000000000000000000000000000000000000
   -> 0000000000000000000000000000000000000000
