[x] Init

[x] sceFontFindFont libs:
[x]   Normal: OK - 0 (allocated 0)
[x]   Invalid: Error (00000000, 80460002)
[x]   Done: OK - 0 (allocated 0)

[x] sceFontFindFont errors:
[x]   Missing style: Error (00000000, 80460003)

[x] H match:
[x]   H=-1.000000: OK - 0 (allocated 0)
[x]   H=0.010000: Failed (ffffffff, 00000000)
[x]   H=1.000000: Failed (ffffffff, 00000000)
[x]   H=3.000000: Failed (ffffffff, 00000000)
[x]   H=5.000000: Failed (ffffffff, 00000000)
[x]   H=6.500000: Failed (ffffffff, 00000000)
[x]   H=7.000000: OK - 9 (allocated 0)
[x]   H=8.000000: Failed (ffffffff, 00000000)
[x]   H=8.500000: Failed (ffffffff, 00000000)
[x]   H=8.562400: Failed (ffffffff, 00000000)
[x]   H=8.562500: Failed (ffffffff, 00000000)
[x]   H=9.000000: Failed (ffffffff, 00000000)
[x]   H=10.000000: Failed (ffffffff, 00000000)
[x]   H=10.125000: OK - 0 (allocated 0)
[x]   H=11.000000: Failed (ffffffff, 00000000)
[x]   H=12.000000: Failed (ffffffff, 00000000)
[x]   H=13.000000: Failed (ffffffff, 00000000)
[x]   H=inf: Failed (ffffffff, 00000000)

[x] V match:
[x]   V=-1.000000: OK - 0 (allocated 0)
[x]   V=0.010000: Failed (ffffffff, 00000000)
[x]   V=1.000000: Failed (ffffffff, 00000000)
[x]   V=3.000000: Failed (ffffffff, 00000000)
[x]   V=5.000000: Failed (ffffffff, 00000000)
[x]   V=6.500000: Failed (ffffffff, 00000000)
[x]   V=7.000000: Failed (ffffffff, 00000000)
[x]   V=8.000000: Failed (ffffffff, 00000000)
[x]   V=8.500000: Failed (ffffffff, 00000000)
[x]   V=8.562400: Failed (ffffffff, 00000000)
[x]   V=8.562500: Failed (ffffffff, 00000000)
[x]   V=9.000000: Failed (ffffffff, 00000000)
[x]   V=10.000000: Failed (ffffffff, 00000000)
[x]   V=10.125000: Failed (ffffffff, 00000000)
[x]   V=11.000000: Failed (ffffffff, 00000000)
[x]   V=12.000000: Failed (ffffffff, 00000000)
[x]   V=13.000000: Failed (ffffffff, 00000000)
[x]   V=inf: Failed (ffffffff, 00000000)
[x]   H=7.000000 (double res): Failed (ffffffff, 00000000)
[x]   H=3.500000 (double res): OK - 9 (allocated 0)
[x]   H=7.000000 (128.0f res): OK - 9 (allocated 0)

[x] General match:
[x]   Family = 1: OK - 0 (allocated 0)
[x]   Family = 2: OK - 2 (allocated 0)
[x]   Style = 1: OK - 1 (allocated 0)
[x]   Style = 5: OK - 5 (allocated 0)
[x]   Style = 6: OK - 7 (allocated 0)
[x]   Style = 103: OK - 0 (allocated 0)
[x]   Language = 1: OK - 0 (allocated 0)
[x]   Country = 1: OK - 0 (allocated 0)

[x] Filename match:
[x]   Exact: OK - 1 (allocated 0)
[x]   Partial: Failed (ffffffff, 00000000)
