[x] Init
[r] Initial value: 005f

[x] Libraries:
[x]   Normal: OK (128.000000, 128.000000)
[x]   Done: OK (128.000000, 128.000000)
[x]   NULL: Failed (80460002 -> nan, nan)

[x] Values:
[x]   -1: Failed (80460003 -> 128.000000, 128.000000)
[x]   0: Failed (80460003 -> 128.000000, 128.000000)
[x]   1: OK (1.000000, 1.000000)
[x]   -1/128: Failed (80460003 -> 1.000000, 1.000000)
[x]   -INFINITY: Failed (80460003 -> 1.000000, 1.000000)
[x]   INFINITY: OK (inf, inf)

[x] sceFontPixelToPointH conversions:
[x]   Lib done: 00000000, 2.812500
[x]   Lib NULL: 80460002, 0.000000
[x]   5.0f x 128.0f: 00000000, 2.812500
[x]   5.0f x 64.0f: 00000000, 5.625000
[x]   -5.0f x 64.0f: 00000000, -5.625000
[x]   0.0f x 64.0f: 00000000, 0.000000

[x] sceFontPixelToPointV conversions:
[x]   Lib done: 00000000, 2.812500
[x]   Lib NULL: 80460002, 0.000000
[x]   5.0f x 128.0f: 00000000, 2.812500
[x]   5.0f x 64.0f: 00000000, 5.625000
[x]   -5.0f x 64.0f: 00000000, -5.625000
[x]   0.0f x 64.0f: 00000000, 0.000000

[x] sceFontPointToPixelH conversions:
[x]   Lib done: 00000000, 8.888889
[x]   Lib NULL: 80460002, 0.000000
[x]   5.0f x 128.0f: 00000000, 8.888889
[x]   5.0f x 64.0f: 00000000, 4.444445
[x]   -5.0f x 64.0f: 00000000, -4.444445
[x]   0.0f x 64.0f: 00000000, 0.000000

[x] sceFontPointToPixelV conversions:
[x]   Lib done: 00000000, 8.888889
[x]   Lib NULL: 80460002, 0.000000
[x]   5.0f x 128.0f: 00000000, 8.888889
[x]   5.0f x 64.0f: 00000000, 4.444445
[x]   -5.0f x 64.0f: 00000000, -4.444445
[x]   0.0f x 64.0f: 00000000, 0.000000
