[x] Init

[x] Players:
[r]   Normal: OK (status=2)
[r]   Deleted: Failed: 80616001
[r]   Already set: Failed: 80616001

[x] Filenames:
[r]   NULL: Failed: 80616008
[r]   Non existent: Failed: 800200d2
[r]   Directory: Failed: 800200d2
[r]   Invalid data: Failed: 800200d2

[x] Offsets:
[r]   -1: Failed: 800200d2
[r]   2048: Failed: 800200d2
[r]   2048 (with data): OK (status=2)
[r]   0x80000000: Failed: 800200d2

[x] scePsmfPlayerSetPsmfCB:

[x] Players:
[r]   Normal: OK (status=2)
[r]   Deleted: Failed: 80616001
[r]   Already set: Failed: 80616001

[x] Filenames:
[r]   NULL: Failed: 80616008
[r]   Non existent: Failed: 800200d2
[r]   Directory: Failed: 800200d2
[r]   Invalid data: Failed: 800200d2

[x] Offsets:
[r]   -1: Failed: 800200d2
[r]   2048: Failed: 800200d2
[r]   2048 (with data): OK (status=2)
[r]   0x80000000: Failed: 800200d2
