[x]   [1] Reserve: 00000000
[x]   [2] Reserve: 80268002
[x]   [1] Release: 00000000
[x]   [2] Release: 80260008
[x]   [1] Reserve: 00000000
[x]   [2] Release: 00000000
[x]   [2] Reserve: 00000000
[x]   [1] Release: 00000000
