[x] sceKernelSetCompiledSdkVersion:
[x]   ffffffff: 00000000 -> ffffffff
[x]   0: 00000000 -> 0
[x]   1: 00000000 -> 1
[x]   2: 00000000 -> 2
[x]   10: 00000000 -> 10
[x]   1000010: 00000000 -> 1000010
[x]   1000011: 00000000 -> 1000011
[x]   3060010: 00000000 -> 3060010
[x]   3070010: 00000000 -> 3070010
[x]   6060010: 00000000 -> 6060010
[x]   11111111: 00000000 -> 11111111

[x] sceKernelSetCompiledSdkVersion370:
[x]   ffffffff: 00000000 -> ffffffff
[x]   0: 00000000 -> 0
[x]   1: 00000000 -> 1
[x]   2: 00000000 -> 2
[x]   10: 00000000 -> 10
[x]   1000010: 00000000 -> 1000010
[x]   1000011: 00000000 -> 1000011
[x]   3060010: 00000000 -> 3060010
[x]   3070010: 00000000 -> 3070010
[x]   6060010: 00000000 -> 6060010
[x]   11111111: 00000000 -> 11111111

[x] sceKernelSetCompiledSdkVersion380_390:
[x]   ffffffff: 00000000 -> ffffffff
[x]   0: 00000000 -> 0
[x]   1: 00000000 -> 1
[x]   2: 00000000 -> 2
[x]   10: 00000000 -> 10
[x]   1000010: 00000000 -> 1000010
[x]   1000011: 00000000 -> 1000011
[x]   3060010: 00000000 -> 3060010
[x]   3070010: 00000000 -> 3070010
[x]   6060010: 00000000 -> 6060010
[x]   11111111: 00000000 -> 11111111

[x] sceKernelSetCompiledSdkVersion395:
[x]   ffffffff: 00000000 -> ffffffff
[x]   0: 00000000 -> 0
[x]   1: 00000000 -> 1
[x]   2: 00000000 -> 2
[x]   10: 00000000 -> 10
[x]   1000010: 00000000 -> 1000010
[x]   1000011: 00000000 -> 1000011
[x]   3060010: 00000000 -> 3060010
[x]   3070010: 00000000 -> 3070010
[x]   6060010: 00000000 -> 6060010
[x]   11111111: 00000000 -> 11111111

[x] sceKernelSetCompiledSdkVersion401_402:
[x]   ffffffff: 00000000 -> ffffffff
[x]   0: 00000000 -> 0
[x]   1: 00000000 -> 1
[x]   2: 00000000 -> 2
[x]   10: 00000000 -> 10
[x]   1000010: 00000000 -> 1000010
[x]   1000011: 00000000 -> 1000011
[x]   3060010: 00000000 -> 3060010
[x]   3070010: 00000000 -> 3070010
[x]   6060010: 00000000 -> 6060010
[x]   11111111: 00000000 -> 11111111

[x] sceKernelSetCompiledSdkVersion500_505:
[x]   ffffffff: 00000000 -> ffffffff
[x]   0: 00000000 -> 0
[x]   1: 00000000 -> 1
[x]   2: 00000000 -> 2
[x]   10: 00000000 -> 10
[x]   1000010: 00000000 -> 1000010
[x]   1000011: 00000000 -> 1000011
[x]   3060010: 00000000 -> 3060010
[x]   3070010: 00000000 -> 3070010
[x]   6060010: 00000000 -> 6060010
[x]   11111111: 00000000 -> 11111111

[x] sceKernelSetCompiledSdkVersion507:
[x]   ffffffff: 00000000 -> ffffffff
[x]   0: 00000000 -> 0
[x]   1: 00000000 -> 1
[x]   2: 00000000 -> 2
[x]   10: 00000000 -> 10
[x]   1000010: 00000000 -> 1000010
[x]   1000011: 00000000 -> 1000011
[x]   3060010: 00000000 -> 3060010
[x]   3070010: 00000000 -> 3070010
[x]   6060010: 00000000 -> 6060010
[x]   11111111: 00000000 -> 11111111

[x] sceKernelSetCompiledSdkVersion600_602:
[x]   ffffffff: 00000000 -> ffffffff
[x]   0: 00000000 -> 0
[x]   1: 00000000 -> 1
[x]   2: 00000000 -> 2
[x]   10: 00000000 -> 10
[x]   1000010: 00000000 -> 1000010
[x]   1000011: 00000000 -> 1000011
[x]   3060010: 00000000 -> 3060010
[x]   3070010: 00000000 -> 3070010
[x]   6060010: 00000000 -> 6060010
[x]   11111111: 00000000 -> 11111111

[x] sceKernelSetCompiledSdkVersion603_605:
[x]   ffffffff: 00000000 -> ffffffff
[x]   0: 00000000 -> 0
[x]   1: 00000000 -> 1
[x]   2: 00000000 -> 2
[x]   10: 00000000 -> 10
[x]   1000010: 00000000 -> 1000010
[x]   1000011: 00000000 -> 1000011
[x]   3060010: 00000000 -> 3060010
[x]   3070010: 00000000 -> 3070010
[x]   6060010: 00000000 -> 6060010
[x]   11111111: 00000000 -> 11111111

[x] sceKernelSetCompiledSdkVersion606:
[x]   6060000: 00000000 -> 6060000
[x]   6060010: 00000000 -> 6060010
[x]   6060100: 00000000 -> 6060100
[x]   6061000: 00000000 -> 6061000
[x]   606ffff: 00000000 -> 606ffff

[x] sceKernelSetCompilerVersion:
[x]   ffffffff: 00000000
[x]   0: 00000000
[x]   1: 00000000
[x]   2: 00000000
[x]   10: 00000000
[x]   1000010: 00000000
[x]   1000011: 00000000
[x]   3060010: 00000000
[x]   3070010: 00000000
[x]   6060010: 00000000
[x]   11111111: 00000000
